## POD1-NODE1
sh-5.2$ sudo cat /var/lib/kubelet/cpu_manager_state | jq
{
  "policyName": "static",
  "defaultCpuSet": "0,3-47,49-95,99-191",
  "entries": {
    "830f93db-aff7-4dbb-9310-9f41a4d3a08a": {
      "ubuntu-frr": "96"
    },
    "8c06a328-ca2c-4a86-865e-3bde46956cc7": {
      "ubuntu-netutils": "48"
    },
    "a5cd2c1a-4f17-49b8-8b23-aa4b3df44cba": {
      "ubuntu-mlnx-dpdk": "1-2,97-98"
    }
  },
  "checksum": 574156616
}
sh-5.2$ 

root@mlnx-dpdk-vlan100-node1:/usr/src/dpdk-21.11-rc4# ethtool -i net1
driver: mlx5_core
version: 6.1.106-116.188.amzn2023.x86_64
firmware-version: 28.42.1000 (MT_0000000834)
expansion-rom-version: 
bus-info: 0000:02:00.3
supports-statistics: yes
supports-test: yes
supports-eeprom-access: no
supports-register-dump: no
supports-priv-flags: yes
root@mlnx-dpdk-vlan100-node1:/usr/src/dpdk-21.11-rc4# 

root@mlnx-dpdk-vlan100-node1:/usr/src/dpdk-21.11-rc4# ifconfig net1
net1: flags=4419<UP,BROADCAST,RUNNING,PROMISC,MULTICAST>  mtu 1500
        inet 169.254.254.55  netmask 255.255.255.0  broadcast 169.254.254.255
        inet6 fe80::24a4:2ff:fe96:2f42  prefixlen 64  scopeid 0x20<link>
        ether 26:a4:02:96:2f:42  txqueuelen 1000  (Ethernet)
        RX packets 18  bytes 1512 (1.5 KB)
        RX errors 0  dropped 0  overruns 0  frame 0
        TX packets 30  bytes 2482 (2.4 KB)
        TX errors 0  dropped 0 overruns 0  carrier 0  collisions 0

root@mlnx-dpdk-vlan100-node1:/usr/src/dpdk-21.11-rc4# 

root@mlnx-dpdk-vlan100-node1:/usr/src/dpdk-21.11-rc4# ./build/app/dpdk-testpmd -l 1,2,97,98 -n 4 -a 02:00.3 --file-prefix sigitp-dpdk-test --socket-mem=4096,4096 --proc-type=auto -- --nb-cores=3 --rxq=4 --txq=4 -i --forward-mode=txonly --eth-peer=0,26:de:45:df:09:80   
EAL: Detected CPU lcores: 128
EAL: Detected NUMA nodes: 2
EAL: Auto-detected process type: PRIMARY
EAL: Detected static linkage of DPDK
EAL: Multi-process socket /var/run/dpdk/sigitp-dpdk-test/mp_socket
EAL: Selected IOVA mode 'PA'
EAL: No available 2048 kB hugepages reported
EAL: VFIO support initialized
EAL: Probe PCI driver: mlx5_pci (15b3:101e) device: 0000:02:00.3 (socket 0)
TELEMETRY: No legacy callbacks, legacy socket not created
Interactive-mode selected
Set txonly packet forwarding mode
testpmd: create a new mbuf pool <mb_pool_0>: n=171456, size=2176, socket=0
testpmd: preferred mempool ops selected: ring_mp_mc

Warning! port-topology=paired and odd forward ports number, the last port will pair with itself.

Configuring Port 0 (socket 0)
Port 0: 26:A4:02:96:2F:42
Checking link statuses...
Done
testpmd> 

## POD1-NODE2
sh-5.2$ sudo cat /var/lib/kubelet/cpu_manager_state | jq

{
  "policyName": "static",
  "defaultCpuSet": "0,3-47,49-95,99-191",
  "entries": {
    "8d77362a-3a53-4693-af29-cd7a60333d5d": {
      "ubuntu-frr": "96"
    },
    "a44f2223-3ab5-4b09-8e50-62e9b3238605": {
      "ubuntu-netutils": "48"
    },
    "be23d617-ce37-4b59-9d4f-f9cf19faca59": {
      "ubuntu-mlnx-dpdk": "1-2,97-98"
    }
  },
  "checksum": 1533520773
}
sh-5.2$ 

root@mlnx-dpdk-vlan100-node2:/usr/src/dpdk-21.11-rc4# ethtool -i net1
driver: mlx5_core
version: 6.1.106-116.188.amzn2023.x86_64
firmware-version: 28.42.1000 (MT_0000000834)
expansion-rom-version: 
bus-info: 0000:02:00.6
supports-statistics: yes
supports-test: yes
supports-eeprom-access: no
supports-register-dump: no
supports-priv-flags: yes
root@mlnx-dpdk-vlan100-node2:/usr/src/dpdk-21.11-rc4# 

root@mlnx-dpdk-vlan100-node2:/usr/src/dpdk-21.11-rc4# ifconfig net1
net1: flags=4163<UP,BROADCAST,RUNNING,MULTICAST>  mtu 1500
        inet 169.254.254.75  netmask 255.255.255.0  broadcast 169.254.254.255
        inet6 fe80::24de:45ff:fedf:980  prefixlen 64  scopeid 0x20<link>
        ether 26:de:45:df:09:80  txqueuelen 1000  (Ethernet)
        RX packets 8  bytes 658 (658.0 B)
        RX errors 0  dropped 0  overruns 0  frame 0
        TX packets 28  bytes 2296 (2.2 KB)
        TX errors 0  dropped 0 overruns 0  carrier 0  collisions 0

root@mlnx-dpdk-vlan100-node2:/usr/src/dpdk-21.11-rc4# 

root@mlnx-dpdk-vlan100-node2:/usr/src/dpdk-21.11-rc4# ./build/app/dpdk-testpmd -l 1,2,97,98 -n 4 -a 02:00.6 --file-prefix sigitp-dpdk-test --socket-mem=4096,4096 --proc-type=auto -- --nb-cores=3 --rxq=4 --txq=4 -i --forward-mode=rxonly --eth-peer=0,26:a4:02:96:2f:42   
EAL: Detected CPU lcores: 128
EAL: Detected NUMA nodes: 2
EAL: Auto-detected process type: PRIMARY
EAL: Detected static linkage of DPDK
EAL: Multi-process socket /var/run/dpdk/sigitp-dpdk-test/mp_socket
EAL: Selected IOVA mode 'PA'
EAL: No available 2048 kB hugepages reported
EAL: VFIO support initialized
EAL: Probe PCI driver: mlx5_pci (15b3:101e) device: 0000:02:00.6 (socket 0)
TELEMETRY: No legacy callbacks, legacy socket not created
Interactive-mode selected
Set rxonly packet forwarding mode
testpmd: create a new mbuf pool <mb_pool_0>: n=171456, size=2176, socket=0
testpmd: preferred mempool ops selected: ring_mp_mc

Warning! port-topology=paired and odd forward ports number, the last port will pair with itself.

Configuring Port 0 (socket 0)
Port 0: 26:DE:45:DF:09:80
Checking link statuses...
Done
testpmd> 
