## POD1-NODE1
root@mlnx-dpdk-vlan100-node1:/usr/src/dpdk-21.11-rc4# ethtool -i net1
driver: mlx5_core
version: 6.1.106-116.188.amzn2023.x86_64
firmware-version: 28.42.1000 (MT_0000000834)
expansion-rom-version: 
bus-info: 0000:02:00.3
supports-statistics: yes
supports-test: yes
supports-eeprom-access: no
supports-register-dump: no
supports-priv-flags: yes
root@mlnx-dpdk-vlan100-node1:/usr/src/dpdk-21.11-rc4# 

root@mlnx-dpdk-vlan100-node1:/usr/src/dpdk-21.11-rc4# ifconfig net1
net1: flags=4419<UP,BROADCAST,RUNNING,PROMISC,MULTICAST>  mtu 1500
        inet 169.254.254.55  netmask 255.255.255.0  broadcast 169.254.254.255
        inet6 fe80::24a4:2ff:fe96:2f42  prefixlen 64  scopeid 0x20<link>
        ether 26:a4:02:96:2f:42  txqueuelen 1000  (Ethernet)
        RX packets 18  bytes 1512 (1.5 KB)
        RX errors 0  dropped 0  overruns 0  frame 0
        TX packets 30  bytes 2482 (2.4 KB)
        TX errors 0  dropped 0 overruns 0  carrier 0  collisions 0

root@mlnx-dpdk-vlan100-node1:/usr/src/dpdk-21.11-rc4# 

root@mlnx-dpdk-vlan100-node1:/usr/src/dpdk-21.11-rc4# ./build/app/dpdk-testpmd -l 1,2,97,98 -n 4 -a 02:00.3 --file-prefix sigitp-dpdk-test --socket-mem=4096,4096 --proc-type=auto -- --nb-cores=3 --rxq=4 --txq=4 -i --forward-mode=txonly --eth-peer=0,7e:2b:33:59:0b:2e   

## POD1-NODE2
root@mlnx-dpdk-vlan100-node2:/usr/src/dpdk-21.11-rc4# ethtool -i net1
driver: mlx5_core
version: 6.1.106-116.188.amzn2023.x86_64
firmware-version: 28.42.1000 (MT_0000000834)
expansion-rom-version: 
bus-info: 0000:02:00.6
supports-statistics: yes
supports-test: yes
supports-eeprom-access: no
supports-register-dump: no
supports-priv-flags: yes
root@mlnx-dpdk-vlan100-node2:/usr/src/dpdk-21.11-rc4# 

root@mlnx-dpdk-vlan100-node2:/usr/src/dpdk-21.11-rc4# ifconfig net1
net1: flags=4163<UP,BROADCAST,RUNNING,MULTICAST>  mtu 1500
        inet 169.254.254.75  netmask 255.255.255.0  broadcast 169.254.254.255
        inet6 fe80::24de:45ff:fedf:980  prefixlen 64  scopeid 0x20<link>
        ether 26:de:45:df:09:80  txqueuelen 1000  (Ethernet)
        RX packets 8  bytes 658 (658.0 B)
        RX errors 0  dropped 0  overruns 0  frame 0
        TX packets 28  bytes 2296 (2.2 KB)
        TX errors 0  dropped 0 overruns 0  carrier 0  collisions 0

root@mlnx-dpdk-vlan100-node2:/usr/src/dpdk-21.11-rc4# 

